// Jest Snapshot v1, https://goo.gl/fbAQLP

exports[`BasketItem component should render a product card with with all the product information 1`] = `
<li
  className="sc-13832a0-0 AhvBT"
>
  <img
    alt=""
    height={200}
    quality={85}
    src=""
    width={200}
  />
  <div>
    <span
      className="sc-bd55615-0 hWOyAS"
    >
      SKU: 
      GPU-3PAQ-ASU
    </span>
    <p
      className="sc-13832a0-1 hiFpEt"
    >
      ASUS ROG Strix GeForce RTX 3080 V2 OC
      , 
      1440MHz, 1905MHz Boost, 8704 CUDA Cores, 10GB GDDR6X
    </p>
    <div
      className="sc-13832a0-2 tqfkm"
    >
      <span
        className="sc-dded47fe-0 hFABLP"
      >
        <span
          className="sc-dded47fe-1 jIDwKn"
        >
          £
        </span>
        99
        <span
          className="sc-dded47fe-1 jIDwKn"
        >
          .99
        </span>
      </span>
      <button
        className="sc-13832a0-3 kcYllZ"
        onClick={[Function]}
        type="button"
      >
        Remove Item
      </button>
    </div>
    <span
      className="sc-2cd02fbb-0 dqciqJ"
    >
      <span
        className="sc-2cd02fbb-1 dlirfm"
      >
        Was: 
      </span>
      £129.99
    </span>
    <div
      className="sc-4ceb59c7-0 dHzdWC"
      title="Item is in stock"
    >
      <svg
        enableBackground="new 0 0 24 24"
        fill="var(--color-grey-8)"
        height={18}
        viewBox="0 0 24 24"
        width={18}
        xmlns="http://www.w3.org/2000/svg"
      >
        <g>
          <rect
            fill="none"
            height="24"
            width="24"
          />
        </g>
        <g>
          <g>
            <path
              d="M5,5h2v3h10V5h2v5h2V5c0-1.1-0.9-2-2-2h-4.18C14.4,1.84,13.3,1,12,1S9.6,1.84,9.18,3H5C3.9,3,3,3.9,3,5v14 c0,1.1,0.9,2,2,2h6v-2H5V5z M12,3c0.55,0,1,0.45,1,1s-0.45,1-1,1s-1-0.45-1-1S11.45,3,12,3z"
            />
            <polygon
              points="21,11.5 15.51,17 12.5,14 11,15.5 15.51,20 22.5,13"
            />
          </g>
        </g>
      </svg>
      In Stock
    </div>
    <div
      className="sc-13832a0-4 esMEko"
    >
      <button
        aria-label="Decrease Quantity"
        className="sc-13832a0-5 sc-13832a0-6 gGkkzk cntabC"
        onClick={[Function]}
        title="Decrease Quantity"
        type="button"
      >
        <svg
          fill="currentColor"
          height={17}
          viewBox="0 0 448 512"
          width={15}
          xmlns="http://www.w3.org/2000/svg"
        >
          <path
            d="M432 256c0 17.7-14.3 32-32 32L48 288c-17.7 0-32-14.3-32-32s14.3-32 32-32l352 0c17.7 0 32 14.3 32 32z"
          />
        </svg>
      </button>
      <span
        className="sc-13832a0-7 hEMsnS"
        data-testid="quantity"
      >
        1
      </span>
      <button
        aria-label="Increase Quantity"
        className="sc-13832a0-5 gGkkzk"
        onClick={[Function]}
        title="Increase Quantity"
        type="button"
      >
        <svg
          fill="currentColor"
          height={17}
          viewBox="0 0 448 512"
          width={15}
          xmlns="http://www.w3.org/2000/svg"
        >
          <path
            d="M256 80c0-17.7-14.3-32-32-32s-32 14.3-32 32V224H48c-17.7 0-32 14.3-32 32s14.3 32 32 32H192V432c0 17.7 14.3 32 32 32s32-14.3 32-32V288H400c17.7 0 32-14.3 32-32s-14.3-32-32-32H256V80z"
          />
        </svg>
      </button>
    </div>
  </div>
</li>
`;
