// Jest Snapshot v1, https://goo.gl/fbAQLP

exports[`Slide component renders a slide with all content present 1`] = `
.c0 {
  background-color: black;
  margin-right: -100%;
  min-height: 450px;
  overflow: hidden;
  padding: 10px 20px 0;
  position: relative;
  width: 100%;
}

.c1 {
  position: absolute;
  right: -383px;
  top: 0;
}

.c2 {
  color: white;
  position: relative;
  text-align: center;
}

.c3 {
  display: inline-block;
  margin-top: 10px;
}

.c3 img {
  display: block;
  height: auto;
  max-width: 100%;
}

.c4 {
  font-family: 'Uni Sans',sans-serif;
  font-size: var(--font-size-30);
  margin-bottom: 10px;
  margin-top: 5px;
}

.c5 {
  font-size: var(--font-size-14);
  line-height: 1.6;
}

.c6 {
  left: 50%;
  position: absolute;
  top: 180px;
  -webkit-transform: translateX(-50%);
  -ms-transform: translateX(-50%);
  transform: translateX(-50%);
  width: 325px;
}

.c6 img {
  display: block;
  height: auto;
  max-width: 100%;
}

.c7 {
  position: relative;
  width: 30%;
}

.c8 {
  font-family: 'Uni Sans',sans-serif;
  font-size: var(--font-size-20);
  font-weight: var(--font-weight-semibold);
  margin-left: 10px;
  text-indent: 10px;
}

.c8 img {
  margin-left: 15px;
}

.c9 {
  font-size: var(--font-size-14);
  padding: 10px 0 0 18px;
}

.c9 li {
  padding: 5px 0;
}

@media screen and (min-width:550px) {
  .c0 {
    padding: 10px 60px 0;
  }
}

@media screen and (min-width:715px) {
  .c0 {
    padding: 90px 60px 0;
    min-height: 385px;
  }
}

@media screen and (min-width:1000px) {
  .c0 {
    display: -webkit-box;
    display: -webkit-flex;
    display: -ms-flexbox;
    display: flex;
    -webkit-box-pack: justify;
    -webkit-justify-content: space-between;
    -ms-flex-pack: justify;
    justify-content: space-between;
  }
}

@media screen and (max-width:714px) {
  .c1::after {
    background-image: linear-gradient( to right, rgb(0 0 0 / 40%), rgb(0 0 0 / 15%) );
    content: '';
    height: 100%;
    left: 0;
    position: absolute;
    width: 100%;
  }
}

@media screen and (min-width:1000px) {
  .c1 {
    right: initial;
    left: 50%;
    -webkit-transform: translateX(-50%);
    -ms-transform: translateX(-50%);
    transform: translateX(-50%);
  }
}

@media screen and (min-width:715px) {
  .c2 {
    width: 40%;
    text-align: left;
  }
}

@media screen and (min-width:1000px) {
  .c2 {
    width: 30%;
  }
}

@media screen and (max-width:714px) {
  .c3 {
    width: 125px;
  }
}

@media screen and (min-width:715px) {
  .c4 {
    margin-top: 15px;
  }
}

@media screen and (min-width:715px) {
  .c6 {
    -webkit-transform: translateX(-10%);
    -ms-transform: translateX(-10%);
    transform: translateX(-10%);
    top: 100px;
  }
}

@media screen and (min-width:850px) {
  .c6 {
    width: 350px;
    top: 90px;
    right: 110px;
    left: initial;
    -webkit-transform: initial;
    -ms-transform: initial;
    transform: initial;
  }
}

@media screen and (min-width:1000px) {
  .c6 {
    width: 325px;
    top: 100px;
    left: 50%;
    -webkit-transform: translateX(-50%);
    -ms-transform: translateX(-50%);
    transform: translateX(-50%);
  }
}

@media screen and (min-width:1100px) {
  .c6 {
    width: 375px;
    top: 80px;
  }
}

@media screen and (max-width:999px) {
  .c7 {
    display: none;
  }
}

<div
  className="c0"
  data-testid="slide-1"
>
  <div
    className="c1"
  >
    <img
      alt=""
      data-nimg="future"
      decoding="async"
      onError={[Function]}
      onLoad={[Function]}
      src=""
      style={
        {
          "color": "transparent",
        }
      }
    />
  </div>
  <div
    className="c2"
  >
    <div
      className="c3"
    >
      <img
        alt="3XS Systems"
        data-nimg="future"
        decoding="async"
        loading="lazy"
        onError={[Function]}
        onLoad={[Function]}
        src=""
        style={
          {
            "color": "transparent",
          }
        }
      />
    </div>
    <h2
      className="c4"
    >
      RTXâ„¢ 30 Series PCs
    </h2>
    <p
      className="c5"
    >
      Custom built PCs built with NVIDIA's 2nd gen Ampere architecture,
      designed to deliver ultimate performance for gamers and creators.
    </p>
  </div>
  <div
    className="c6"
  >
    <img
      alt="A PC with rainbow coloured LED case fans on the front"
      data-nimg="future"
      decoding="async"
      loading="lazy"
      onError={[Function]}
      onLoad={[Function]}
      src=""
      style={
        {
          "color": "transparent",
        }
      }
    />
  </div>
  <div
    className="c7"
  >
    <h2
      className="c8"
    >
      Powered by
      <img
        alt="Nvidia GeForce RTX"
        data-nimg="future"
        decoding="async"
        loading="lazy"
        onError={[Function]}
        onLoad={[Function]}
        src=""
        style={
          {
            "color": "transparent",
          }
        }
      />
    </h2>
    <ul
      className="c9"
    >
      <li>
        Premium built to order systems
      </li>
      <li>
        Extensively tested
      </li>
      <li>
        7 day evening and weekend support
      </li>
      <li>
        Premium 3 year warranty
      </li>
      <li>
        Best in-class components
      </li>
      <li>
        Award-winning systems
      </li>
    </ul>
  </div>
</div>
`;
