// Jest Snapshot v1, https://goo.gl/fbAQLP

exports[`ProductCard component should render a product card with with all the product information 1`] = `
.c13 {
  background-image: linear-gradient( to top, var(--color-green-2), var(--color-green-5) );
  border-radius: 6px;
  box-shadow: var(--box-shadow-md);
  color: white;
  cursor: pointer;
  font-size: var(--font-size-12);
  font-weight: var(--font-weight-bold);
  margin-top: 8px;
  padding: 12px 0;
  text-transform: uppercase;
  width: 180px;
}

.c13:disabled {
  background: var(--color-grey-10);
  cursor: initial;
  box-shadow: none;
  pointer-events: none;
}

.c13:not(:disabled):hover {
  background-image: linear-gradient( to top, var(--color-green-1), var(--color-green-4) );
  box-shadow: var(--box-shadow-hover);
}

.c13:not(:disabled):active {
  -webkit-transform: scale(0.96);
  -ms-transform: scale(0.96);
  transform: scale(0.96);
}

.c4 {
  color: var(--color-blue-4);
  font-size: var(--font-size-12);
  font-weight: var(--font-weight-bold);
  text-transform: uppercase;
}

.c7 {
  color: var(--color-grey-7);
  font-size: var(--font-size-16);
  -webkit-text-decoration: line-through;
  text-decoration: line-through;
}

.c8 {
  font-size: 0.9em;
  font-weight: var(--font-weight-semibold);
}

.c5 {
  color: var(--color-blue-4);
  font-size: var(--font-size-30);
}

.c6 {
  font-size: 0.7em;
}

.c9 {
  margin-top: 8px;
  position: relative;
}

.c10 {
  -webkit-appearance: none;
  -moz-appearance: none;
  appearance: none;
  background-color: var(--color-grey-14);
  border: 1px solid var(--color-grey-10);
  border-radius: 4px;
  box-shadow: 0 2px 3px rgb(17 17 17 / 10%);
  font-size: var(--font-size-14);
  font-weight: var(--font-weight-medium);
  padding: 5px 25px 5px 10px;
  width: 55px;
}

.c10:not(:disabled) {
  cursor: pointer;
}

.c10:not(:disabled):hover {
  background-color: var(--color-grey-12);
}

.c11 {
  --arrow-color: var(--color-grey-4);
  --arrow-size: 5px;
  height: 100%;
  pointer-events: none;
  position: absolute;
  right: 0;
  width: 25px;
}

.c11::before,
.c11::after {
  border-left: var(--arrow-size) solid transparent;
  border-right: var(--arrow-size) solid transparent;
  content: '';
  left: 50%;
  position: absolute;
  -webkit-transform: translateX(-50%);
  -ms-transform: translateX(-50%);
  transform: translateX(-50%);
}

.c11::before {
  border-bottom: var(--arrow-size) solid var(--arrow-color);
  top: 9px;
}

.c11::after {
  border-top: var(--arrow-size) solid var(--arrow-color);
  bottom: 9px;
}

.c12 {
  -webkit-align-items: center;
  -webkit-box-align: center;
  -ms-flex-align: center;
  align-items: center;
  color: var(--color-green-5);
  -webkit-column-gap: 5px;
  column-gap: 5px;
  display: -webkit-box;
  display: -webkit-flex;
  display: -ms-flexbox;
  display: flex;
  font-size: var(--font-size-11);
  font-weight: var(--font-weight-bold);
  margin-top: 8px;
  text-transform: uppercase;
}

.c0 {
  background-color: white;
  border: 1px solid var(--color-grey-12);
  border-radius: 10px;
  -webkit-flex-direction: column;
  -ms-flex-direction: column;
  flex-direction: column;
  height: 100%;
  padding: 20px;
  -webkit-align-items: center;
  -webkit-box-align: center;
  -ms-flex-align: center;
  align-items: center;
  display: -webkit-box;
  display: -webkit-flex;
  display: -ms-flexbox;
  display: flex;
  -webkit-box-pack: center;
  -webkit-justify-content: center;
  -ms-flex-pack: center;
  justify-content: center;
}

.c0 img {
  height: auto;
  width: 150px;
}

.c1 {
  -webkit-line-clamp: 2;
  margin: 5px 0 10px;
  -webkit-box-orient: vertical;
  display: -webkit-box;
  overflow: hidden;
  text-align: center;
}

.c2 {
  -webkit-line-clamp: 3;
  color: var(--color-grey-4);
  font-size: var(--font-size-14);
  line-height: 1.5;
  margin-top: 10px;
  -webkit-box-orient: vertical;
  display: -webkit-box;
  overflow: hidden;
  text-align: center;
}

.c3 {
  border-bottom: 2px solid var(--color-grey-11);
  margin: 5px 0;
  padding-bottom: 10px;
  width: 100%;
  -webkit-align-items: center;
  -webkit-box-align: center;
  -ms-flex-align: center;
  align-items: center;
  display: -webkit-box;
  display: -webkit-flex;
  display: -ms-flexbox;
  display: flex;
  -webkit-box-pack: center;
  -webkit-justify-content: center;
  -ms-flex-pack: center;
  justify-content: center;
}

@media screen and (min-width:570px) {
  .c0 {
    min-height: 510px;
  }
}

@media screen and (max-width:1109.98px) {
  .c0:nth-child(4n) {
    display: none;
  }
}

@media screen and (min-width:570px) {
  .c1 {
    margin: 5px 0 auto;
  }
}

<li
  className="c0"
>
  <img
    alt=""
    height={200}
    quality={85}
    src=""
    width={200}
  />
  <p
    className="c1"
  >
    ASUS ROG Strix GeForce RTX 3080 V2 OC
  </p>
  <p
    className="c2"
  >
    1440MHz, 1905MHz Boost, 8704 CUDA Cores, 10GB GDDR6X
  </p>
  <div
    className="c3"
  >
    <span
      className="c4"
    >
      SKU: 
      GPU-3PAQ-ASU
    </span>
  </div>
  <span
    className="c5"
  >
    <span
      className="c6"
    >
      £
    </span>
    99
    <span
      className="c6"
    >
      .99
    </span>
  </span>
  <span
    className="c7"
  >
    <span
      className="c8"
    >
      Was: 
    </span>
    £129.99
  </span>
  <div
    className="c9"
  >
    <label
      hidden={true}
      htmlFor=":r0:"
    >
      Quantity
    </label>
    <select
      className="c10"
      disabled={false}
      id=":r0:"
      name="quantity"
      onChange={[Function]}
      value={1}
    >
      <option
        value={1}
      >
        1
      </option>
      <option
        value={2}
      >
        2
      </option>
      <option
        value={3}
      >
        3
      </option>
      <option
        value={4}
      >
        4
      </option>
      <option
        value={5}
      >
        5
      </option>
    </select>
    <span
      className="c11"
    />
  </div>
  <div
    className="c12"
    title="Item is in stock"
  >
    <svg
      enableBackground="new 0 0 24 24"
      fill="var(--color-grey-4)"
      height={18}
      viewBox="0 0 24 24"
      width={18}
      xmlns="http://www.w3.org/2000/svg"
    >
      <g>
        <rect
          fill="none"
          height="24"
          width="24"
        />
      </g>
      <g>
        <g>
          <path
            d="M5,5h2v3h10V5h2v5h2V5c0-1.1-0.9-2-2-2h-4.18C14.4,1.84,13.3,1,12,1S9.6,1.84,9.18,3H5C3.9,3,3,3.9,3,5v14 c0,1.1,0.9,2,2,2h6v-2H5V5z M12,3c0.55,0,1,0.45,1,1s-0.45,1-1,1s-1-0.45-1-1S11.45,3,12,3z"
          />
          <polygon
            points="21,11.5 15.51,17 12.5,14 11,15.5 15.51,20 22.5,13"
          />
        </g>
      </g>
    </svg>
    In Stock
  </div>
  <button
    className="c13"
    disabled={false}
    onClick={[Function]}
    type="button"
  >
    Add To Basket
  </button>
</li>
`;
