// Jest Snapshot v1, https://goo.gl/fbAQLP

exports[`BasketItem component should render a product card with with all the product information 1`] = `
.c1 {
  color: var(--color-blue-4);
  font-size: var(--font-size-13);
  font-weight: var(--font-weight-bold);
  text-transform: uppercase;
}

.c6 {
  color: var(--color-grey-7);
  font-size: var(--font-size-14);
  -webkit-text-decoration: line-through;
  text-decoration: line-through;
}

.c6 span {
  font-size: 0.9em;
  font-weight: var(--font-weight-semibold);
}

.c4 {
  color: var(--color-blue-4);
  font-size: var(--font-size-24);
  font-weight: var(--font-weight-medium);
}

.c4 span {
  font-size: 0.7em;
}

.c7 {
  -webkit-align-items: center;
  -webkit-box-align: center;
  -ms-flex-align: center;
  align-items: center;
  color: var(--color-green-5);
  -webkit-column-gap: 5px;
  column-gap: 5px;
  display: -webkit-box;
  display: -webkit-flex;
  display: -ms-flexbox;
  display: flex;
  font-size: var(--font-size-11);
  font-weight: var(--font-weight-bold);
  margin-top: 5px;
  text-transform: uppercase;
}

.c3 {
  -webkit-align-items: center;
  -webkit-box-align: center;
  -ms-flex-align: center;
  align-items: center;
  display: -webkit-box;
  display: -webkit-flex;
  display: -ms-flexbox;
  display: flex;
}

.c0 {
  border-bottom: 1px solid var(--color-grey-12);
  padding: 10px 0 30px;
  -webkit-align-items: center;
  -webkit-box-align: center;
  -ms-flex-align: center;
  align-items: center;
  display: -webkit-box;
  display: -webkit-flex;
  display: -ms-flexbox;
  display: flex;
}

.c0 img {
  height: auto;
  margin-right: 20px;
  width: 120px;
}

.c2 {
  border-bottom: 3px solid var(--color-grey-12);
  font-family: 'Uni Sans',sans-serif;
  font-weight: var(--font-weight-semibold);
  line-height: 1.5;
  margin: 3px 0 5px;
  padding-bottom: 10px;
}

.c5 {
  border-left: 1px solid var(--color-grey-9);
  cursor: pointer;
  font-size: var(--font-size-14);
  margin-left: 20px;
  padding-left: 20px;
}

.c5:hover {
  -webkit-text-decoration: underline;
  text-decoration: underline;
}

.c8 {
  background-color: var(--color-grey-15);
  border-radius: 5px;
  display: -webkit-inline-box;
  display: -webkit-inline-flex;
  display: -ms-inline-flexbox;
  display: inline-flex;
  -webkit-box-pack: justify;
  -webkit-justify-content: space-between;
  -ms-flex-pack: justify;
  justify-content: space-between;
  margin-top: 10px;
  min-width: 105px;
  padding: 6px;
}

.c9 {
  background-image: linear-gradient( to top, var(--color-green-2), var(--color-green-5) );
  border-radius: 4px;
  box-shadow: var(--box-shadow-md);
  color: white;
  cursor: pointer;
  display: grid;
  height: 25px;
  place-items: center;
  width: 25px;
}

.c9:hover {
  background-image: linear-gradient( to top, var(--color-green-1), var(--color-green-4) );
  box-shadow: var(--box-shadow-hover);
}

.c10 {
  background-image: linear-gradient( to top, var(--color-red-2), var(--color-red-5) );
}

.c10:hover {
  background-image: linear-gradient( to top, var(--color-red-1), var(--color-red-4) );
}

.c11 {
  -webkit-align-items: center;
  -webkit-box-align: center;
  -ms-flex-align: center;
  align-items: center;
  color: var(--color-green-3);
  display: -webkit-box;
  display: -webkit-flex;
  display: -ms-flexbox;
  display: flex;
  font-weight: var(--font-weight-semibold);
  -webkit-box-pack: center;
  -webkit-justify-content: center;
  -ms-flex-pack: center;
  justify-content: center;
  min-width: 35px;
  padding: 0 5px;
  -webkit-align-items: center;
  -webkit-box-align: center;
  -ms-flex-align: center;
  align-items: center;
  display: -webkit-box;
  display: -webkit-flex;
  display: -ms-flexbox;
  display: flex;
}

@media screen and (min-width:900px) {
  .c0 img {
    width: 140px;
    height: auto;
  }
}

<li
  className="c0"
>
  <img
    alt=""
    height={200}
    priority="true"
    quality={80}
    src=""
    width={200}
  />
  <div>
    <span
      className="c1"
    >
      SKU: 
      GPU-3PAQ-ASU
    </span>
    <p
      className="c2"
    >
      ASUS ROG Strix GeForce RTX 3080 V2 OC
      , 
      1440MHz, 1905MHz Boost, 8704 CUDA Cores, 10GB GDDR6X
    </p>
    <div
      className="c3"
    >
      <span
        className="c4"
      >
        <span>
          £
        </span>
        99
        <span>
          .99
        </span>
      </span>
      <button
        className="c5"
        onClick={[Function]}
        type="button"
      >
        Remove Item
      </button>
    </div>
    <span
      className="c6"
    >
      <span>
        Was: 
      </span>
      £129.99
    </span>
    <div
      className="c7"
      title="Item is in stock"
    >
      <svg
        enableBackground="new 0 0 24 24"
        fill="var(--color-grey-4)"
        height={18}
        viewBox="0 0 24 24"
        width={18}
        xmlns="http://www.w3.org/2000/svg"
      >
        <g>
          <rect
            fill="none"
            height="24"
            width="24"
          />
        </g>
        <g>
          <g>
            <path
              d="M5,5h2v3h10V5h2v5h2V5c0-1.1-0.9-2-2-2h-4.18C14.4,1.84,13.3,1,12,1S9.6,1.84,9.18,3H5C3.9,3,3,3.9,3,5v14 c0,1.1,0.9,2,2,2h6v-2H5V5z M12,3c0.55,0,1,0.45,1,1s-0.45,1-1,1s-1-0.45-1-1S11.45,3,12,3z"
            />
            <polygon
              points="21,11.5 15.51,17 12.5,14 11,15.5 15.51,20 22.5,13"
            />
          </g>
        </g>
      </svg>
      In Stock
    </div>
    <div
      className="c8"
    >
      <button
        aria-label="Decrease Quantity"
        className="c9 c10"
        onClick={[Function]}
        title="Decrease Quantity"
        type="button"
      >
        <svg
          fill="currentColor"
          height={17}
          viewBox="0 0 448 512"
          width={15}
          xmlns="http://www.w3.org/2000/svg"
        >
          <path
            d="M432 256c0 17.7-14.3 32-32 32L48 288c-17.7 0-32-14.3-32-32s14.3-32 32-32l352 0c17.7 0 32 14.3 32 32z"
          />
        </svg>
      </button>
      <div
        className="c11"
        data-testid="quantity"
      >
        1
      </div>
      <button
        aria-label="Increase Quantity"
        className="c9"
        onClick={[Function]}
        title="Increase Quantity"
        type="button"
      >
        <svg
          fill="currentColor"
          height={17}
          viewBox="0 0 448 512"
          width={15}
          xmlns="http://www.w3.org/2000/svg"
        >
          <path
            d="M256 80c0-17.7-14.3-32-32-32s-32 14.3-32 32V224H48c-17.7 0-32 14.3-32 32s14.3 32 32 32H192V432c0 17.7 14.3 32 32 32s32-14.3 32-32V288H400c17.7 0 32-14.3 32-32s-14.3-32-32-32H256V80z"
          />
        </svg>
      </button>
    </div>
  </div>
</li>
`;
