// Jest Snapshot v1, https://goo.gl/fbAQLP

exports[`ContactBanner component renders a banner with a contact number and a live chat link 1`] = `
.c0 {
  background-color: var(--color-sky-blue-2);
  display: -webkit-box;
  display: -webkit-flex;
  display: -ms-flexbox;
  display: flex;
  -webkit-box-pack: center;
  -webkit-justify-content: center;
  -ms-flex-pack: center;
  justify-content: center;
  padding: 15px 0;
}

.c0 :last-child {
  border: 0;
}

.c1 {
  -webkit-align-items: center;
  -webkit-box-align: center;
  -ms-flex-align: center;
  align-items: center;
  border-right: 2px solid white;
  color: white;
  -webkit-column-gap: 10px;
  column-gap: 10px;
  display: -webkit-box;
  display: -webkit-flex;
  display: -ms-flexbox;
  display: flex;
  font-family: 'Uni Sans',sans-serif;
  font-size: var(--font-size-20);
  font-weight: var(--font-weight-semibold);
  padding: 0 25px;
  -webkit-text-decoration: none;
  text-decoration: none;
}

.c1:hover {
  color: var(--color-grey-11);
}

<div
  className="c0"
>
  <a
    className="c1"
    href="/contact"
    onClick={[Function]}
    onMouseEnter={[Function]}
    onTouchStart={[Function]}
  >
    <svg
      fill="currentColor"
      height={27}
      viewBox="0 0 384 512"
      width={20}
      xmlns="http://www.w3.org/2000/svg"
    >
      <path
        d="M16 64C16 28.7 44.7 0 80 0H304c35.3 0 64 28.7 64 64V448c0 35.3-28.7 64-64 64H80c-35.3 0-64-28.7-64-64V64zM224 448c0-17.7-14.3-32-32-32s-32 14.3-32 32s14.3 32 32 32s32-14.3 32-32zM304 64H80V384H304V64z"
      />
    </svg>
    01782-444455
  </a>
  <a
    className="c1"
    href="/contact"
    onClick={[Function]}
    onMouseEnter={[Function]}
    onTouchStart={[Function]}
  >
    <svg
      fill="currentColor"
      height={25}
      viewBox="0 0 512 512"
      width={25}
      xmlns="http://www.w3.org/2000/svg"
    >
      <path
        d="M256 48C141.1 48 48 141.1 48 256v40c0 13.3-10.7 24-24 24s-24-10.7-24-24V256C0 114.6 114.6 0 256 0S512 114.6 512 256V400.1c0 48.6-39.4 88-88.1 88L313.6 488c-8.3 14.3-23.8 24-41.6 24H240c-26.5 0-48-21.5-48-48s21.5-48 48-48h32c17.8 0 33.3 9.7 41.6 24l110.4 .1c22.1 0 40-17.9 40-40V256c0-114.9-93.1-208-208-208zM144 208h16c17.7 0 32 14.3 32 32V352c0 17.7-14.3 32-32 32H144c-35.3 0-64-28.7-64-64V272c0-35.3 28.7-64 64-64zm224 0c35.3 0 64 28.7 64 64v48c0 35.3-28.7 64-64 64H352c-17.7 0-32-14.3-32-32V240c0-17.7 14.3-32 32-32h16z"
      />
    </svg>
    Live Chat
  </a>
</div>
`;
