// Jest Snapshot v1, https://goo.gl/fbAQLP

exports[`Links component at a screen width of 574px and below renders links with no text and only their icons visible 1`] = `
<div
  className="sc-bczRLJ ereDqo"
>
  <a
    aria-label="Account"
    className="sc-gsnTZi cVgHpq"
    href=""
    title="Account"
  >
    <svg
      fill="var(--color-orange-1)"
      height={30}
      width={32}
    >
      account.svg
    </svg>
  </a>
  <a
    aria-label="Basket"
    className="sc-gsnTZi cVgHpq"
    href=""
    title="Basket"
  >
    <svg
      fill="var(--color-orange-1)"
      height={30}
      width={34}
    >
      basket.svg
    </svg>
  </a>
</div>
`;

exports[`Links component at a screen width of 575px and above renders links with their icons and text visible 1`] = `
<div
  className="sc-bczRLJ ereDqo"
>
  <a
    aria-label="Account"
    className="sc-gsnTZi cVgHpq"
    href=""
    title="Account"
  >
    <svg
      fill="var(--color-orange-1)"
      height={30}
      width={32}
    >
      account.svg
    </svg>
    <div>
      <span
        className="sc-dkzDqf ghjqcX"
      >
        Account
      </span>
      <span
        className="sc-hKMtZM hMHOua"
      >
        Sign in | Register
      </span>
    </div>
  </a>
  <a
    aria-label="Basket"
    className="sc-gsnTZi cVgHpq"
    href=""
    title="Basket"
  >
    <svg
      fill="var(--color-orange-1)"
      height={30}
      width={34}
    >
      basket.svg
    </svg>
    <div>
      <span
        className="sc-dkzDqf ghjqcX"
      >
        Basket
      </span>
      <span
        className="sc-hKMtZM hMHOua"
      >
        Subtotal Â£0.00
      </span>
    </div>
  </a>
</div>
`;
