// Jest Snapshot v1, https://goo.gl/fbAQLP

exports[`ProShopCards component renders 6 pro shop cards with links and shop descriptions 1`] = `
.c4 {
  -webkit-align-items: center;
  -webkit-box-align: center;
  -ms-flex-align: center;
  align-items: center;
  color: var(--color-grey-8);
  display: -webkit-box;
  display: -webkit-flex;
  display: -ms-flexbox;
  display: flex;
  font-size: 0.9rem;
  font-weight: 700;
  -webkit-text-decoration: none;
  text-decoration: none;
  text-transform: uppercase;
}

.c4 svg {
  margin-left: 10px;
}

.c0 {
  background-color: white;
  border: 1px solid var(--color-grey-9);
  display: grid;
  gap: 6px;
  margin-top: 15px;
  padding: 6px;
}

.c1 {
  background-color: #f1f1f1;
  background-image: url(/img.jpg);
  background-position: right;
  background-repeat: no-repeat;
  min-height: 125px;
  padding-left: 25px;
  padding-top: 25px;
}

.c2 {
  background-image: url(/img.jpg);
  background-position-x: -170px;
  background-repeat: no-repeat;
  height: 18px;
  margin-bottom: 10px;
  width: 170px;
}

.c5 {
  background-image: url(/img.jpg);
  background-position-x: -510px;
  background-repeat: no-repeat;
  height: 18px;
  margin-bottom: 10px;
  width: 170px;
}

.c6 {
  background-image: url(/img.jpg);
  background-position-x: 0;
  background-repeat: no-repeat;
  height: 18px;
  margin-bottom: 10px;
  width: 170px;
}

.c7 {
  background-image: url(/img.jpg);
  background-position-x: -340px;
  background-repeat: no-repeat;
  height: 18px;
  margin-bottom: 10px;
  width: 170px;
}

.c8 {
  color: #0072bc;
  font-family: 'Uni Sans Book',sans-serif;
  font-size: 1.7rem;
  font-weight: 400;
  line-height: 0.8;
  margin-bottom: 10px;
}

.c3 {
  color: var(--color-grey-8);
  font-size: 0.9rem;
  margin-bottom: 10px;
  width: 60%;
}

@media screen and (min-width:780px) {
  .c0 {
    grid-template-columns: 1fr 1fr;
  }
}

@media screen and (min-width:780px) {
  .c1 {
    min-height: 140px;
  }
}

@media screen and (min-width:990px) {
  .c1 {
    min-height: 175px;
  }
}

@media screen and (max-width:989px) {
  .c3 {
    display: none;
  }
}

<section
  className="c0"
>
  <div
    className="c1"
  >
    <div
      className="c2"
    />
    <p
      className="c3"
    >
      The fastest gaming PCs - plus a huge range of peripherals for
      the ultimate gaming experience.
    </p>
    <a
      className="c4"
      href="/"
      onClick={[Function]}
      onMouseEnter={[Function]}
      onTouchStart={[Function]}
    >
      Visit Gaming Store
      <svg
        fill="currentColor"
        height={20}
        viewBox="0 0 512 512"
        width={20}
        xmlns="http://www.w3.org/2000/svg"
      >
        <path
          d="M0 256C0 397.4 114.6 512 256 512s256-114.6 256-256S397.4 0 256 0S0 114.6 0 256zM241 377c-9.4 9.4-24.6 9.4-33.9 0s-9.4-24.6 0-33.9l87-87-87-87c-9.4-9.4-9.4-24.6 0-33.9s24.6-9.4 33.9 0L345 239c9.4 9.4 9.4 24.6 0 33.9L241 377z"
        />
      </svg>
    </a>
  </div>
  <div
    className="c1"
  >
    <div
      className="c5"
    />
    <p
      className="c3"
    >
      Workstations and servers for graphics-intensive workflows such
      as AEC & BIM, CAD & CAE and M & E.
    </p>
    <a
      className="c4"
      href="/"
      onClick={[Function]}
      onMouseEnter={[Function]}
      onTouchStart={[Function]}
    >
      Visit Graphics Store
      <svg
        fill="currentColor"
        height={20}
        viewBox="0 0 512 512"
        width={20}
        xmlns="http://www.w3.org/2000/svg"
      >
        <path
          d="M0 256C0 397.4 114.6 512 256 512s256-114.6 256-256S397.4 0 256 0S0 114.6 0 256zM241 377c-9.4 9.4-24.6 9.4-33.9 0s-9.4-24.6 0-33.9l87-87-87-87c-9.4-9.4-9.4-24.6 0-33.9s24.6-9.4 33.9 0L345 239c9.4 9.4 9.4 24.6 0 33.9L241 377z"
        />
      </svg>
    </a>
  </div>
  <div
    className="c1"
  >
    <div
      className="c6"
    />
    <p
      className="c3"
    >
      Computer based music and audio production - plus the best in
      music technology and instruments.
    </p>
    <a
      className="c4"
      href="/"
      onClick={[Function]}
      onMouseEnter={[Function]}
      onTouchStart={[Function]}
    >
      Visit Audio Store
      <svg
        fill="currentColor"
        height={20}
        viewBox="0 0 512 512"
        width={20}
        xmlns="http://www.w3.org/2000/svg"
      >
        <path
          d="M0 256C0 397.4 114.6 512 256 512s256-114.6 256-256S397.4 0 256 0S0 114.6 0 256zM241 377c-9.4 9.4-24.6 9.4-33.9 0s-9.4-24.6 0-33.9l87-87-87-87c-9.4-9.4-9.4-24.6 0-33.9s24.6-9.4 33.9 0L345 239c9.4 9.4 9.4 24.6 0 33.9L241 377z"
        />
      </svg>
    </a>
  </div>
  <div
    className="c1"
  >
    <div
      className="c7"
    />
    <p
      className="c3"
    >
      Film and broadcast equipment, workstations for professional
      video and media production workflows.
    </p>
    <a
      className="c4"
      href="/"
      onClick={[Function]}
      onMouseEnter={[Function]}
      onTouchStart={[Function]}
    >
      Visit Video Store
      <svg
        fill="currentColor"
        height={20}
        viewBox="0 0 512 512"
        width={20}
        xmlns="http://www.w3.org/2000/svg"
      >
        <path
          d="M0 256C0 397.4 114.6 512 256 512s256-114.6 256-256S397.4 0 256 0S0 114.6 0 256zM241 377c-9.4 9.4-24.6 9.4-33.9 0s-9.4-24.6 0-33.9l87-87-87-87c-9.4-9.4-9.4-24.6 0-33.9s24.6-9.4 33.9 0L345 239c9.4 9.4 9.4 24.6 0 33.9L241 377z"
        />
      </svg>
    </a>
  </div>
  <div
    className="c1"
  >
    <h4
      className="c8"
    >
      Digital Signage Solutions
    </h4>
    <p
      className="c3"
    >
      Reinvent the way you engage with customers with solutions that
      provide invaluable insights and customer data.
    </p>
    <a
      className="c4"
      href="/"
      onClick={[Function]}
      onMouseEnter={[Function]}
      onTouchStart={[Function]}
    >
      View Signage Solutions
      <svg
        fill="currentColor"
        height={20}
        viewBox="0 0 512 512"
        width={20}
        xmlns="http://www.w3.org/2000/svg"
      >
        <path
          d="M0 256C0 397.4 114.6 512 256 512s256-114.6 256-256S397.4 0 256 0S0 114.6 0 256zM241 377c-9.4 9.4-24.6 9.4-33.9 0s-9.4-24.6 0-33.9l87-87-87-87c-9.4-9.4-9.4-24.6 0-33.9s24.6-9.4 33.9 0L345 239c9.4 9.4 9.4 24.6 0 33.9L241 377z"
        />
      </svg>
    </a>
  </div>
  <div
    className="c1"
  >
    <h4
      className="c8"
    >
      Deep Learning & AI
    </h4>
    <p
      className="c3"
    >
      Desktop, datacentre and cloud solutions for developing and
      deploying deep learning and AI models.
    </p>
    <a
      className="c4"
      href="/"
      onClick={[Function]}
      onMouseEnter={[Function]}
      onTouchStart={[Function]}
    >
      Find Out More
      <svg
        fill="currentColor"
        height={20}
        viewBox="0 0 512 512"
        width={20}
        xmlns="http://www.w3.org/2000/svg"
      >
        <path
          d="M0 256C0 397.4 114.6 512 256 512s256-114.6 256-256S397.4 0 256 0S0 114.6 0 256zM241 377c-9.4 9.4-24.6 9.4-33.9 0s-9.4-24.6 0-33.9l87-87-87-87c-9.4-9.4-9.4-24.6 0-33.9s24.6-9.4 33.9 0L345 239c9.4 9.4 9.4 24.6 0 33.9L241 377z"
        />
      </svg>
    </a>
  </div>
</section>
`;
