// Jest Snapshot v1, https://goo.gl/fbAQLP

exports[`Slide component renders a slide with all content present 1`] = `
<div
  className="sc-bczRLJ VHwUl"
  data-testid="slide-1"
>
  <div
    className="sc-gsnTZi fEEGJC"
  >
    <img
      alt="3XS Systems"
      className="sc-dkzDqf jPkBsn"
      src=""
    />
    <h4
      className="sc-hKMtZM hXCOMb"
    >
      RTXâ„¢ 30 Series PCs
    </h4>
    <p
      className="sc-eCYdqJ kUimMJ"
    >
      Custom built PCs built with NVIDIA's 2nd gen Ampere architecture,
      designed to deliver ultimate performance for gamers and creators.
    </p>
  </div>
  <img
    alt="A PC with rainbow coloured LED case fans on the front"
    className="sc-jSMfEi hXysZZ"
    src=""
  />
  <div
    className="sc-gKXOVf fntncR"
  >
    <h4
      className="sc-iBkjds gOyMnu"
    >
      Powered by
      <img
        alt="Nvidia GeForce RTX"
        className="sc-ftvSup lnpREK"
        src=""
      />
    </h4>
    <ul
      className="sc-papXJ veWDa"
    >
      <li
        className="sc-jqUVSM lppNFK"
      >
        Premium built to order systems
      </li>
      <li
        className="sc-jqUVSM lppNFK"
      >
        Extensively tested
      </li>
      <li
        className="sc-jqUVSM lppNFK"
      >
        7 day evening and weekend support
      </li>
      <li
        className="sc-jqUVSM lppNFK"
      >
        Premium 3 year warranty
      </li>
      <li
        className="sc-jqUVSM lppNFK"
      >
        Best in-class components
      </li>
      <li
        className="sc-jqUVSM lppNFK"
      >
        Award-winning systems
      </li>
    </ul>
  </div>
</div>
`;
