// Jest Snapshot v1, https://goo.gl/fbAQLP

exports[`NewsAndProducts component renders a news section with 3 articles and latest products links 1`] = `
<section
  className="sc-hKMtZM eYsiwP"
>
  <div
    className="sc-eCYdqJ ckHFvq"
  >
    <h2
      className="sc-jSMfEi evCgse"
    >
      Tech news & articles
    </h2>
    <div
      className="sc-gKXOVf bKsfLq"
    >
      <div
        className="sc-iBkjds gypTwr"
      >
        <h3
          className="sc-ftvSup bljiMK"
        >
          NVIDIA 4000 Series Details Leaked
        </h3>
        <div
          className="sc-jqUVSM cpsnxr"
        >
          29 Jun 2022
        </div>
        <img
          alt=""
          className="sc-kDDrLX hQnLxe"
          height={150}
          src="lovelace-article.webp"
          width={630}
        />
        <article
          className="sc-papXJ gOwmkX"
        >
          NVIDIA's next-generation GeForce RTX 4090 "Ada" flagship graphics
    card allegedly scores over 19000 points in the 3DMark Time Spy Extreme
    synthetic benchmark, according to kopite7kimi, a reliable source with NVIDIA
    leaks. This would put its score around 66 percent above that of the current
    RTX 3090 Ti flagship.
        </article>
        <a
          className="sc-gsnTZi iWfFcv"
          data-testid="link-chevron"
          href=""
        >
          Read Full Article
          <i
            className="sc-bczRLJ dxnJQy material-icons"
          >
            chevron_right
          </i>
        </a>
      </div>
      <div
        className="sc-iBkjds gypTwr"
      >
        <h3
          className="sc-ftvSup bljiMK"
        >
          Intel Misses Quarterly Targets
        </h3>
        <div
          className="sc-jqUVSM cpsnxr"
        >
          14 Jun 2022
        </div>
        <img
          alt=""
          className="sc-kDDrLX hQnLxe"
          height={150}
          src="intel-article.webp"
          width={630}
        />
        <article
          className="sc-papXJ gOwmkX"
        >
          Intel Corporation today reported second-quarter 2022 financial
      results. "This quarter's results were below the standards we have set for
      the company and our shareholders. We must and will do better. The sudden
      and rapid decline in economic activity was the largest driver, but the
      shortfall also reflects our own execution issues," said Pat Gelsinger,
      Intel CEO.
        </article>
        <a
          className="sc-gsnTZi iWfFcv"
          data-testid="link-chevron"
          href=""
        >
          Read Full Article
          <i
            className="sc-bczRLJ dxnJQy material-icons"
          >
            chevron_right
          </i>
        </a>
      </div>
      <div
        className="sc-iBkjds gypTwr"
      >
        <h3
          className="sc-ftvSup bljiMK"
        >
          Alleged Ryzen 7000 Series Benchmarks
        </h3>
        <div
          className="sc-jqUVSM cpsnxr"
        >
          23 Jun 2022
        </div>
        <img
          alt=""
          className="sc-kDDrLX hQnLxe"
          height={150}
          src="ryzen-article.webp"
          width={630}
        />
        <article
          className="sc-papXJ gOwmkX"
        >
          An AMD engineering sample CPU with the model number
      "100-000000593-20_Y" has appeared in a couple of graphics rendering tests,
      paired with an NVIDIA RTX A4000 GPU. The CPU appears to be a 6-core Ryzen
      7000-series chip that was fitted to a Gigabyte X670E Aorus Master
      motherboard.
        </article>
        <a
          className="sc-gsnTZi iWfFcv"
          data-testid="link-chevron"
          href=""
        >
          Read Full Article
          <i
            className="sc-bczRLJ dxnJQy material-icons"
          >
            chevron_right
          </i>
        </a>
      </div>
    </div>
  </div>
</section>
`;
