// Jest Snapshot v1, https://goo.gl/fbAQLP

exports[`ProductCard component renders a product card with an image and all product information 1`] = `
<div
  className="sc-9945102f-0 bmrLZD"
>
  <img
    alt=""
    quality={85}
    src=""
  />
  <p
    className="sc-9945102f-1 hOjJoQ"
  >
    Intel Core i5 10400F
  </p>
  <p
    className="sc-9945102f-2 fcjmIl"
  >
    6 Cores, 12 Threads, S1200 Comet Lake, 2.9GHz, 4.3GHz Turbo, 12MB Cache
  </p>
  <div
    className="sc-9945102f-3 jAoQgD"
  >
    <span
      className="sc-bd55615-0 cxPlFY"
    >
      CPU-INT-10400F
    </span>
  </div>
  <span
    className="sc-dded47fe-0 bVUSwy"
  >
    <span
      className="sc-dded47fe-1 jIDwKn"
    >
      £
    </span>
    114
    <span
      className="sc-dded47fe-1 jIDwKn"
    >
      .99
    </span>
  </span>
  <span
    className="sc-2cd02fbb-0 tfQIO"
  >
    <span
      className="sc-2cd02fbb-1 dlirfm"
    >
      Was: 
    </span>
    £129.99
  </span>
  <div
    className="sc-4606141e-0 kNwOEK"
  >
    <label
      hidden={true}
      htmlFor=":r0:"
    >
      Quantity
    </label>
    <select
      className="sc-4606141e-1 iFXLLw"
      disabled={false}
      id=":r0:"
      name="quantity"
      onChange={[Function]}
      value={1}
    >
      <option
        value={1}
      >
        1
      </option>
      <option
        value={2}
      >
        2
      </option>
      <option
        value={3}
      >
        3
      </option>
      <option
        value={4}
      >
        4
      </option>
      <option
        value={5}
      >
        5
      </option>
    </select>
    <span
      className="sc-4606141e-2 xtdus"
    />
  </div>
  <div
    className="sc-4ceb59c7-0 bqwgbT"
    title="Item is in stock"
  >
    <svg
      enableBackground="new 0 0 24 24"
      fill="var(--color-grey-8)"
      height={18}
      viewBox="0 0 24 24"
      width={18}
      xmlns="http://www.w3.org/2000/svg"
    >
      <g>
        <rect
          fill="none"
          height="24"
          width="24"
        />
      </g>
      <g>
        <g>
          <path
            d="M5,5h2v3h10V5h2v5h2V5c0-1.1-0.9-2-2-2h-4.18C14.4,1.84,13.3,1,12,1S9.6,1.84,9.18,3H5C3.9,3,3,3.9,3,5v14 c0,1.1,0.9,2,2,2h6v-2H5V5z M12,3c0.55,0,1,0.45,1,1s-0.45,1-1,1s-1-0.45-1-1S11.45,3,12,3z"
          />
          <polygon
            points="21,11.5 15.51,17 12.5,14 11,15.5 15.51,20 22.5,13"
          />
        </g>
      </g>
    </svg>
    In Stock
  </div>
  <button
    className="sc-c66e6586-0 dInGqR"
    disabled={false}
    onClick={[Function]}
    type="button"
  >
    Add To Basket
  </button>
</div>
`;
