// Jest Snapshot v1, https://goo.gl/fbAQLP

exports[`PromoBanner component renders a promotional banner about RTX studio 1`] = `
<div
  className="sc-39860b04-0 ehules"
>
  <h4
    className="sc-39860b04-1 dMJGMK"
  >
    RTX Studio
  </h4>
  <p
    className="sc-39860b04-2 cwUlcb"
  >
    The best laptops and desktops for creating anywhere.
  </p>
  <a
    className="sc-bb098475-0 irrRtc"
    href="/"
    onClick={[Function]}
    onMouseEnter={[Function]}
    onTouchStart={[Function]}
  >
    Find Out More
    <svg
      fill="currentColor"
      height={18}
      viewBox="0 0 512 512"
      width={18}
      xmlns="http://www.w3.org/2000/svg"
    >
      <path
        d="M0 256C0 397.4 114.6 512 256 512s256-114.6 256-256S397.4 0 256 0S0 114.6 0 256zM241 377c-9.4 9.4-24.6 9.4-33.9 0s-9.4-24.6 0-33.9l87-87-87-87c-9.4-9.4-9.4-24.6 0-33.9s24.6-9.4 33.9 0L345 239c9.4 9.4 9.4 24.6 0 33.9L241 377z"
      />
    </svg>
  </a>
  <div
    className="sc-39860b04-3 RzafA"
  >
    <img
      alt=""
      data-nimg="future"
      decoding="async"
      height={24}
      loading="lazy"
      onError={[Function]}
      onLoad={[Function]}
      src="/_next/image?url=%2Fimg.jpg&w=48&q=75"
      srcSet="/_next/image?url=%2Fimg.jpg&w=32&q=75 1x, /_next/image?url=%2Fimg.jpg&w=48&q=75 2x"
      style={
        {
          "color": "transparent",
        }
      }
      width={24}
    />
  </div>
  <div
    className="sc-39860b04-4 dvTVcY"
  >
    <img
      alt=""
      data-nimg="future"
      decoding="async"
      height={24}
      loading="lazy"
      onError={[Function]}
      onLoad={[Function]}
      src="/_next/image?url=%2Fimg.jpg&w=48&q=75"
      srcSet="/_next/image?url=%2Fimg.jpg&w=32&q=75 1x, /_next/image?url=%2Fimg.jpg&w=48&q=75 2x"
      style={
        {
          "color": "transparent",
        }
      }
      width={24}
    />
  </div>
</div>
`;
