// Jest Snapshot v1, https://goo.gl/fbAQLP

exports[`ShopHeader component should render a category heading and description 1`] = `
.c0 {
  border-bottom: 3px solid var(--color-grey-9);
  padding-bottom: 20px;
  -webkit-align-items: center;
  -webkit-box-align: center;
  -ms-flex-align: center;
  align-items: center;
  display: -webkit-box;
  display: -webkit-flex;
  display: -ms-flexbox;
  display: flex;
  -webkit-box-pack: justify;
  -webkit-justify-content: space-between;
  -ms-flex-pack: justify;
  justify-content: space-between;
}

.c1 {
  font-family: 'Uni Sans',sans-serif;
  font-size: 1.9rem;
  margin-right: 35px;
}

.c2 {
  display: -webkit-box;
  display: -webkit-flex;
  display: -ms-flexbox;
  display: flex;
  -webkit-transform: rotate(90deg);
  -ms-transform: rotate(90deg);
  transform: rotate(90deg);
  -webkit-transition-delay: 500ms;
  transition-delay: 500ms;
  -webkit-transition-property: -webkit-transform;
  -webkit-transition-property: transform;
  transition-property: transform;
  background: none;
  cursor: pointer;
  font-size: 0;
}

.c6 {
  margin-top: 15px;
}

.c7 {
  display: inline-block;
  font-size: 1.44rem;
  font-weight: 600;
}

.c8 {
  -webkit-align-items: center;
  -webkit-box-align: center;
  -ms-flex-align: center;
  align-items: center;
  display: -webkit-inline-box;
  display: -webkit-inline-flex;
  display: -ms-inline-flexbox;
  display: inline-flex;
  font-weight: 700;
  text-transform: uppercase;
  background: none;
  cursor: pointer;
  font-size: 0;
}

.c8 svg {
  height: auto;
  width: 15px;
  -webkit-transform: rotate(90deg);
  -ms-transform: rotate(90deg);
  transform: rotate(90deg);
  -webkit-transition-delay: 500ms;
  transition-delay: 500ms;
  -webkit-transition-property: -webkit-transform;
  -webkit-transition-property: transform;
  transition-property: transform;
}

.c4 {
  color: var(--color-grey-8);
  font-size: 0.88rem;
  line-height: 1.7;
  padding-top: 15px;
}

@media screen and (min-width:0px) {
  .c3 {
    display: none;
  }
}

@media screen and (min-width:650px) {
  .c3 {
    display: block;
  }
}

@media screen and (min-width:0px) {
  .c5 {
    display: block;
  }
}

@media screen and (min-width:650px) {
  .c5 {
    display: none;
  }
}

@media screen and (min-width:650px) {
  .c2 {
    display: none;
  }
}

@media screen and (max-width:649px) {
  .c6 {
    -webkit-align-items: center;
    -webkit-box-align: center;
    -ms-flex-align: center;
    align-items: center;
    display: -webkit-box;
    display: -webkit-flex;
    display: -ms-flexbox;
    display: flex;
    -webkit-box-pack: justify;
    -webkit-justify-content: space-between;
    -ms-flex-pack: justify;
    justify-content: space-between;
  }
}

@media screen and (min-width:700px) {
  .c7 {
    margin-right: 20px;
  }
}

@media screen and (min-width:650px) {
  .c8 {
    -webkit-column-gap: 7px;
    column-gap: 7px;
    color: var(--color-blue-1);
    font-size: 0.8rem;
  }

  .c8 svg {
    height: auto;
    width: 10px;
  }
}

<section>
  <div
    className="c0"
  >
    <h1
      className="c1"
    />
    <button
      aria-controls="top-text"
      aria-expanded={false}
      className="c2"
      data-testid="description-button"
      onClick={[Function]}
      title="Read More"
      type="button"
    >
      Read More
      <svg
        fill="currentColor"
        height={27}
        viewBox="0 0 384 512"
        width={20}
        xmlns="http://www.w3.org/2000/svg"
      >
        <path
          d="M342.6 233.4c12.5 12.5 12.5 32.8 0 45.3l-192 192c-12.5 12.5-32.8 12.5-45.3 0s-12.5-32.8 0-45.3L274.7 256 105.4 86.6c-12.5-12.5-12.5-32.8 0-45.3s32.8-12.5 45.3 0l192 192z"
        />
      </svg>
    </button>
  </div>
  <div
    className="c3"
  >
    <p
      className="c4"
    />
  </div>
  <div
    className="c5"
  />
  <div
    className="c6"
  >
    <h2
      className="c1 c7"
    >
      Latest Arrivals - 
    </h2>
    <button
      aria-controls="bottom-text"
      aria-expanded={false}
      className="c8"
      data-testid="latest-arrivals-button"
      onClick={[Function]}
      title="Read More"
      type="button"
    >
      Read More
      <svg
        fill="currentColor"
        viewBox="0 0 384 512"
        xmlns="http://www.w3.org/2000/svg"
      >
        <path
          d="M342.6 233.4c12.5 12.5 12.5 32.8 0 45.3l-192 192c-12.5 12.5-32.8 12.5-45.3 0s-12.5-32.8 0-45.3L274.7 256 105.4 86.6c-12.5-12.5-12.5-32.8 0-45.3s32.8-12.5 45.3 0l192 192z"
        />
      </svg>
    </button>
  </div>
</section>
`;
